/home/p/Documents/Company Directory API/Company/src/main/java/company/api/ApiApplication.java
/home/p/Documents/Company Directory API/Company/src/main/java/company/api/controller/DepartmentController.java
/home/p/Documents/Company Directory API/Company/src/main/java/company/api/controller/EmployeeController.java
/home/p/Documents/Company Directory API/Company/src/main/java/company/api/entity/Department.java
/home/p/Documents/Company Directory API/Company/src/main/java/company/api/entity/Employee.java
/home/p/Documents/Company Directory API/Company/src/main/java/company/api/exception/BudgetExceededException.java
/home/p/Documents/Company Directory API/Company/src/main/java/company/api/exception/DepartmentNotFoundException.java
/home/p/Documents/Company Directory API/Company/src/main/java/company/api/exception/DuplicateDepartment.java
/home/p/Documents/Company Directory API/Company/src/main/java/company/api/exception/DuplicateEmailException.java
/home/p/Documents/Company Directory API/Company/src/main/java/company/api/exception/EmployeeNotFoundException.java
/home/p/Documents/Company Directory API/Company/src/main/java/company/api/exception/GlobalExceptionHandler.java
/home/p/Documents/Company Directory API/Company/src/main/java/company/api/exception/MessageException.java
/home/p/Documents/Company Directory API/Company/src/main/java/company/api/repository/DepartmentRepository.java
/home/p/Documents/Company Directory API/Company/src/main/java/company/api/repository/EmployeeRepository.java
/home/p/Documents/Company Directory API/Company/src/main/java/company/api/service/Department/DepartmentService.java
/home/p/Documents/Company Directory API/Company/src/main/java/company/api/service/Employee/EmployeeService.java
